18:35:42 **** Incremental Build of configuration Debug for project 10-Hello_IR ****
make all 
Invoking: Cross ARM GNU Print Size
arm-none-eabi-size --format=berkeley "10-Hello_IR.elf"
   text	   data	    bss	    dec	    hex	filename
   5279	    176	    628	   6083	   17c3	10-Hello_IR.elf
Finished building: 10-Hello_IR.siz
 
18:35:48 **** Incremental Build of configuration Debug for project 10-Hello_IR ****
make all 
Invoking: Cross ARM GNU Print Size
arm-none-eabi-size --format=berkeley "10-Hello_IR.elf"
   text	   data	    bss	    dec	    hex	filename
   5279	    176	    628	   6083	   17c3	10-Hello_IR.elf
Finished building: 10-Hello_IR.siz
 
